// Jest Snapshot v1, https://goo.gl/fbAQLP

exports[`FamilyMemberDateOfBirth renders the page 1`] = `
<QuestionPage
  onSave={[Function]}
  title="Leave details"
>
  <Heading
    level="2"
    size="1"
  >
    What is your family member's date of birth?
  </Heading>
</QuestionPage>
`;
