// Jest Snapshot v1, https://goo.gl/fbAQLP

exports[`Find renders the page 1`] = `
<div>
  <form
    class="usa-form"
    method="post"
  >
    <h1
      class="js-title margin-top-0 margin-bottom-2 font-heading-lg line-height-sans-2"
      tabindex="-1"
    >
      Find My Application
    </h1>
    <p
      class="usa-intro"
    >
      To locate your application, please enter information for each field.
    </p>
    <div
      class="usa-form-group"
    >
      <label
        class="usa-label text-bold font-heading-xs measure-5"
        for="InputText1"
        id="InputText1_label"
      >
        Last 4 digits of Social Security Number
      </label>
      <input
        aria-labelledby="InputText1_label InputText1_hint InputText1_error"
        class="usa-input usa-input--small"
        id="InputText1"
        name="tax_identifier_last4"
        type="text"
        value=""
      />
    </div>
    <div
      class="usa-form-group"
    >
      <label
        class="usa-label text-bold font-heading-xs measure-5"
        for="InputText2"
        id="InputText2_label"
      >
        Application ID
      </label>
      <input
        aria-labelledby="InputText2_label InputText2_hint InputText2_error"
        class="usa-input usa-input--medium"
        id="InputText2"
        name="absence_id"
        type="text"
        value=""
      />
    </div>
    <button
      class="usa-button position-relative margin-top-4"
      type="submit"
    >
      Continue
    </button>
  </form>
</div>
`;
