// Jest Snapshot v1, https://goo.gl/fbAQLP

exports[`PhoneNumber renders the page 1`] = `
<QuestionPage
  onSave={[Function]}
  title="Your identity"
>
  <Heading
    level="2"
    size="1"
  >
    What's your phone number?
  </Heading>
  <Lead>
    If we need to contact you, we will reach out by phone or mail. We will also use this number for any previous applications you have submitted.
  </Lead>
  <InputText
    hint="Don't have a personal phone number? Enter a number where we might be able to reach you (for example, a work phone number, or a friend's phone number)."
    label="Phone number"
    mask="phone"
    name="phone.phone_number"
    onChange={[Function]}
    pii={true}
    smallLabel={true}
    value="123-456-7890"
  />
  <InputChoiceGroup
    choices={
      Array [
        Object {
          "checked": false,
          "label": "Landline",
          "value": "Phone",
        },
        Object {
          "checked": false,
          "label": "Mobile",
          "value": "Cell",
        },
      ]
    }
    label="Number type"
    name="phone.phone_type"
    onChange={[Function]}
    smallLabel={true}
    type="radio"
    value="cell"
  />
</QuestionPage>
`;
