// Jest Snapshot v1, https://goo.gl/fbAQLP

exports[`ScheduleVariable renders the form 1`] = `
<div>
  <form
    class="usa-form"
    method="post"
  >
    <h1
      class="js-title margin-top-0 margin-bottom-2 font-heading-sm line-height-sans-3"
      tabindex="-1"
    >
      Employment information
    </h1>
    <h2
      class="font-heading-lg text-bold"
    >
      How many hours do you work on average each week?
    </h2>
    <p
      class="usa-intro"
    >
      Weâ€™ll confirm your hours with your employer after you submit your application. Learn more about 
      <a
        href="https://www.mass.gov/pfml-calculate-hours"
        rel="noopener"
        target="_blank"
      >
        how we use this number
      </a>
       and how to figure out your average.
    </p>
    <fieldset
      class="usa-fieldset margin-top-3 usa-form-group"
    >
      <legend
        class="usa-label text-bold usa-legend font-heading-xs measure-5"
      >
        Average weekly hours
      </legend>
      <div
        class="usa-form-group display-inline-block margin-right-3 margin-top-105"
      >
        <label
          class="usa-label text-normal font-heading-xs measure-5"
          for="InputText1"
          id="InputText1_label"
        >
          Hours
        </label>
        <input
          aria-labelledby="InputText1_label InputText1_hint InputText1_error"
          class="usa-input usa-input--small"
          data-value-type="integer"
          id="InputText1"
          inputmode="numeric"
          name="hours"
          type="text"
          value=""
        />
      </div>
      <div
        class="usa-form-group display-inline-block margin-top-105"
      >
        <label
          class="usa-label text-normal font-heading-xs measure-5"
          for="Dropdown2"
          id="Dropdown2_label"
        >
          Minutes
        </label>
        <div
          class=""
          data-default-value=""
        >
          <select
            aria-labelledby="Dropdown2_label Dropdown2_hint Dropdown2_error"
            class="usa-select maxw-mobile-lg width-15"
            id="Dropdown2"
            name="minutes"
          >
            <option
              value=""
            />
            <option
              value="0"
            >
              0
            </option>
            <option
              value="15"
            >
              15
            </option>
            <option
              value="30"
            >
              30
            </option>
            <option
              value="45"
            >
              45
            </option>
          </select>
        </div>
      </div>
    </fieldset>
    <button
      class="usa-button position-relative margin-top-4"
      type="submit"
    >
      Save and continue
    </button>
  </form>
</div>
`;
