// Jest Snapshot v1, https://goo.gl/fbAQLP

exports[`UploadId after documents have been loaded when the user doesn't have a Mass ID, renders the page with 'Other' ID content 1`] = `
<div>
  <form
    class="usa-form"
    method="post"
  >
    <h1
      class="js-title margin-top-0 margin-bottom-2 font-heading-sm line-height-sans-3"
      tabindex="-1"
    >
      Your identification
    </h1>
    <div
      class="measure-6"
    >
      <h2
        class="font-heading-lg text-bold"
      >
        Upload an identification document issued by state or federal government
      </h2>
      <div
        class="usa-summary-box margin-bottom-2"
        role="complementary"
      >
        <div
          class="usa-summary-box__body"
        >
          <h3
            class="usa-summary-box__heading font-heading-xs text-bold"
          >
            Document Requirements:
          </h3>
          <div
            class="usa-summary-box__text"
          >
            <ul
              class="usa-list"
            >
              <li>
                The image of the card must be in full color
              </li>
              <li>
                The text must be clear and readable
              </li>
              <li>
                The front and back can be in one file, or in two separate files
              </li>
              <li>
                Each file must be smaller than 4.5 MB
              </li>
            </ul>
          </div>
        </div>
      </div>
      <div
        class="border-bottom border-base-light margin-bottom-4 padding-bottom-4"
      >
        <p>
          <strong>
            You can upload a copy of one of the following documents:
          </strong>
        </p>
        <ul
          class="usa-list"
        >
          <li>
            U.S. State or Territory Real ID, both front and back
          </li>
          <li>
            U.S. passport or passport card
          </li>
          <li>
            Permanent Resident Card issued by DHS or INS
          </li>
          <li>
            Employment Authorization Document (EAD) issued by DHS
          </li>
          <li>
            Foreign passport 
            <strong>
              and
            </strong>
             a 
            <a
              href="https://travel.state.gov/content/travel/en/us-visas/employment/temporary-worker-visas.html"
              rel="noopener noreferrer"
              target="_blank"
            >
              work visa
            </a>
          </li>
        </ul>
        <div
          aria-multiselectable="true"
          class="usa-accordion usa-accordion--bordered"
        >
          <h2
            class="usa-accordion__heading"
          >
            <button
              aria-controls="accordion3"
              aria-expanded="false"
              class="usa-accordion__button"
              type="button"
            >
              If you don’t have any of those documents:
            </button>
          </h2>
          <div
            class="usa-accordion__content usa-prose"
            data-testid="accordion3"
            hidden=""
            id="accordion3"
          >
            <p>
              <strong>
                If you don’t have any of those, you can provide one of the following plus proof of your Social Security Number or Individual Tax Identification Number:
              </strong>
            </p>
            <ul
              class="usa-list"
            >
              <li>
                Valid, unexpired U.S. State or Territory License or ID, both front and back
              </li>
              <li>
                Certified copy of a birth certificate filed with a State Office of Vital Statistics or equivalent agency in the individual’s state of birth. (You can only use a 
                <a
                  href="https://prfaa.pr.gov/faqs"
                  rel="noopener noreferrer"
                  target="_blank"
                >
                  Puerto Rican birth certificate
                </a>
                 if it was issued on or after July 1, 2010.)
              </li>
              <li>
                Certificate of Citizenship (Form N‑560, or Form N‑561)
              </li>
              <li>
                Certificate of Naturalization (Form N‑550 or N‑570)
              </li>
            </ul>
            <p>
              <strong>
                You can provide proof of your Social Security Number using one of the following documents displaying your complete Social Security Number:
              </strong>
            </p>
            <ul
              class="usa-list"
            >
              <li>
                Social Security card
              </li>
              <li>
                W‑2 Form
              </li>
              <li>
                SSA‑1099 Form
              </li>
              <li>
                Non‑SSA‑1099 Form
              </li>
              <li>
                Pay stub with your name on it
              </li>
            </ul>
            <p>
              <a
                href="https://mass.gov/pfmlsubmitinfo"
                rel="noopener noreferrer"
                target="_blank"
              >
                Learn more about verifying your identity with different documents.
              </a>
            </p>
          </div>
        </div>
      </div>
      <details
        class="c-details"
      >
        <summary
          class="margin-bottom-2 text-primary text-underline font-ui-xs"
        >
          Tips for uploading images or PDFs
        </summary>
        <div
          class="margin-bottom-2"
        >
          <h2
            class="font-heading-xs text-bold"
          >
            This website only accepts:
          </h2>
          <ul
            class="usa-list"
          >
            <li>
              PDF documents
            </li>
            <li>
              Images (.jpg, .jpeg, .png)
            </li>
          </ul>
          <h2
            class="font-heading-xs text-bold"
          >
            If your file is not in one of these formats, try one of the following:
          </h2>
          <ul
            class="usa-list"
          >
            <li>
              Take a picture of the document
            </li>
            <li>
              Take a screenshot of the document
            </li>
            <li>
              Save the document as a PDF or image, and try uploading again
            </li>
          </ul>
          <h2
            class="font-heading-xs text-bold"
          >
            If your document is attached to an email:
          </h2>
          <ul
            class="usa-list"
          >
            <li>
              Open the file on your computer or phone
            </li>
            <li>
              Save it as a PDF or image, and try uploading again
            </li>
          </ul>
        </div>
      </details>
      <div
        class="margin-bottom-4"
      >
        <ul
          class="usa-list usa-list--unstyled measure-5"
        />
        <ul
          class="usa-list usa-list--unstyled measure-5"
        />
        <label
          class="margin-top-2 usa-button usa-button--outline"
        >
          Choose files
          <input
            accept="image/*,.pdf"
            class="c-file-card-list__input"
            multiple=""
            type="file"
          />
        </label>
      </div>
    </div>
    <button
      class="usa-button position-relative margin-top-4"
      type="submit"
    >
      Save and continue
    </button>
  </form>
</div>
`;
