// Jest Snapshot v1, https://goo.gl/fbAQLP

exports[`Verification renders verification page 1`] = `
<form
  className="usa-form"
  onSubmit={[Function]}
>
  <BackButton />
  <Title>
    Verification
  </Title>
  <Alert
    state="warning"
  >
    <Trans
      i18nKey="pages.employersClaimsVerification.instructionsDueDate"
      values={
        Object {
          "date": "10/10/2020",
        }
      }
    />
  </Alert>
  <Heading
    level="2"
  >
    Confirm and submit
  </Heading>
  <p>
    We need true answers to every question so that we can manage this program the way the law requires. Please confirm that you will answer as truthfully as you can.
  </p>
  <Alert
    noIcon={true}
    state="info"
  >
    I certify under penalty of perjury that the above information is true and correct. I understand that I need to give true answers to all questions in order to fulfill my responsibilities as a Massachussetts employer.
  </Alert>
  <Button
    type="submit"
  >
    Agree and submit
  </Button>
</form>
`;

exports[`Verification renders verification page 2`] = `
Array [
  "Review and respond by: ",
  <strong
    key="strong-1"
  >
    10/10/2020
  </strong>,
]
`;
