// Jest Snapshot v1, https://goo.gl/fbAQLP

exports[`DashboardClaimCard renders a card for the given claim 1`] = `
<article
  className="maxw-mobile-lg border border-base-lighter margin-bottom-3 padding-3"
>
  <span
    className="usa-tag bg-primary-lighter display-inline-block margin-bottom-1 text-bold text-primary text-no-uppercase"
  >
    In Progress
  </span>
  <Heading
    className="margin-top-05 margin-bottom-2"
    level="3"
  >
    Claim 2
  </Heading>
  <ButtonLink
    className="margin-top-1"
    href="/claims/name?claim_id=mock-claim-id"
  >
    Finish your claim
  </ButtonLink>
</article>
`;
