// Jest Snapshot v1, https://goo.gl/fbAQLP

exports[`AverageWorkHours renders the form 1`] = `
<QuestionPage
  onSave={[Function]}
  title="Leave details"
>
  <InputText
    hint="Weâ€™ll confirm this information and use it to calculate your benefit amount. If your schedule varies, tell us the average number of hours you worked over the past 52 weeks."
    label="On average, how many hours do you work for your employer each week?"
    name="temp.leave_details.avg_weekly_work_hours"
    onChange={[Function]}
    value="40"
    width="small"
  />
</QuestionPage>
`;
