// Jest Snapshot v1, https://goo.gl/fbAQLP

exports[`Status renders the page and correct content in Trans component 1`] = `
<Fragment>
  <BackButton />
  <Title>
    Application status for Jane Doe
  </Title>
  <Lead>
    <Trans
      components={
        Object {
          "dfml-regulations-link": <a
            href="https://www.mass.gov/regulations/458-CMR-200-department-of-family-and-medical-leave-1"
            rel="noopener"
            target="_blank"
          />,
        }
      }
      i18nKey="pages.employersClaimsStatus.lead"
      tOptions={
        Object {
          "context": "pending",
        }
      }
    />
  </Lead>
  <Heading
    level="2"
  >
    Leave details
  </Heading>
  <StatusRow
    label="Application ID"
  >
    NTN-111-ABS-01
  </StatusRow>
  <StatusRow
    label="Leave type"
  >
    Medical leave
  </StatusRow>
  <StatusRow
    label="Leave duration"
  >
    1/1/2021 – 7/1/2021
  </StatusRow>
  <StatusRow
    label="Continuous leave"
  >
    1/1/2021 – 6/1/2021
  </StatusRow>
  <StatusRow
    label="Reduced leave schedule"
  >
    2/1/2021 – 7/1/2021
  </StatusRow>
</Fragment>
`;

exports[`Status renders the page and correct content in Trans component 2`] = `
Array [
  "This application is being reviewed by the Department. It was either reviewed by an administrator on your team or the review deadline has passed. No action is required of you.",
  <br
    key="br-1"
  />,
  <br
    key="br-2"
  />,
  "After we make a decision, you'll receive an email with a direct link for more details.",
]
`;

exports[`Status shows lead text for pending claims 1`] = `
Array [
  "This application is being reviewed by the Department. It was either reviewed by an administrator on your team or the review deadline has passed. No action is required of you.",
  <br
    key="br-1"
  />,
  <br
    key="br-2"
  />,
  "After we make a decision, you'll receive an email with a direct link for more details.",
]
`;

exports[`Status shows lead text for resolved claims 1`] = `
Array [
  "A decision has been made for this application. No action is required of you, but you can download a copy of the decision notice for details. Your employee has the right to appeal this decision under Massachusetts regulations (",
  <a
    href="https://www.mass.gov/regulations/458-CMR-200-department-of-family-and-medical-leave-1"
    key="1"
    rel="noopener"
    target="_blank"
  >
    458 CMR 2.14
  </a>,
  ").",
]
`;
