// Jest Snapshot v1, https://goo.gl/fbAQLP

exports[`Success renders Success page 1`] = `
<Fragment>
  <Title>
    Thanks for reviewing the application
  </Title>
  <Trans
    i18nKey="pages.employersClaimsSuccess.applicationIdLabel"
    values={
      Object {
        "absenceId": "test-absence-id",
      }
    }
  />
  <p>
    We’ll begin processing this application and your employee should hear from us within 14 calendar days.
  </p>
  <p>
    Once we’ve made a decision, you’ll receive an email notification with a link to details about the decision.
  </p>
  <p>
    <Trans
      components={
        Object {
          "benefits-guide-link": <a
            href="https://www.mass.gov/info-details/paid-family-and-medical-leave-pfml-benefits-guide"
            rel="noopener"
            target="_blank"
          />,
        }
      }
      i18nKey="pages.employersClaimsSuccess.instructions_benefitsGuide"
    />
  </p>
  <UserFeedback
    url="https://www.mass.gov/paidleave-employer-feedback"
  />
</Fragment>
`;
