// Jest Snapshot v1, https://goo.gl/fbAQLP

exports[`VerticalMenu renders the default component 1`] = `
<div
  className="vertical-menu"
>
  <button
    className="vertical-menu-trigger"
    data-testid="vertical-menu-trigger"
    onClick={[Function]}
    type="button"
  >
    <svg
      aria-hidden="true"
      className="vertical-menu-trigger__icon"
      fill="currentColor"
      viewBox="0 0 20 20"
      xmlns="http://www.w3.org/2000/svg"
    >
      <path
        d="M10 6a2 2 0 110-4 2 2 0 010 4zM10 12a2 2 0 110-4 2 2 0 010 4zM10 18a2 2 0 110-4 2 2 0 010 4z"
      />
    </svg>
  </button>
</div>
`;
