// Jest Snapshot v1, https://goo.gl/fbAQLP

exports[`CreateAccount renders the empty page 1`] = `
<form
  class="usa-form"
  method="post"
>
  <h1
    class="js-title margin-top-0 margin-bottom-2 font-heading-lg line-height-sans-2"
    tabindex="-1"
  >
    Create an employer account
  </h1>
  <div
    class="usa-alert usa-alert--info c-alert--neutral margin-bottom-3"
    role="region"
    tabindex="-1"
  >
    <div
      class="usa-alert__body"
    >
      <div
        class="usa-alert__text"
      >
        Employees in Massachusetts who wish to apply for paid leave should follow 
        <a
          href="/"
        >
          these instructions
        </a>
        .
      </div>
    </div>
  </div>
  <p
    class="usa-intro"
  >
    Welcome! Please take a few minutes to create an account for your organization so you can manage leave for your team. Employees in Massachusetts can now apply for paid family and medical leave.
  </p>
  <p
    class="usa-intro"
  >
    If you manage leave for multiple organizations, please create an account for one using the form below. Then you’ll be able to add multiple organizations to your account.
  </p>
  <details
    class="c-details"
  >
    <summary
      class="margin-bottom-2 text-primary text-underline font-ui-xs"
    >
      What you can do with this account
    </summary>
    <div
      class="margin-bottom-2"
    >
      <ul
        class="usa-list"
      >
        <li>
          Review paid leave applications from your employees
        </li>
        <li>
          Get updates about the program by email
        </li>
        <li>
          Download documents and decision letters
        </li>
      </ul>
    </div>
  </details>
  <div
    class="usa-form-group"
  >
    <label
      class="usa-label text-bold font-heading-xs measure-5"
      for="InputText2"
      id="InputText2_label"
    >
      Email address
    </label>
    <span
      class="display-block line-height-sans-5 measure-5 usa-hint text-base-darkest"
      id="InputText2_hint"
    >
      Use a secure work address. An email address can only be associated with one account.
    </span>
    <input
      aria-labelledby="InputText2_label InputText2_hint InputText2_error"
      class="usa-input maxw-mobile-lg"
      id="InputText2"
      name="email_address"
      type="email"
      value=""
    />
  </div>
  <div
    class="usa-form-group"
  >
    <label
      class="usa-label text-bold font-heading-xs measure-5"
      for="InputPassword3"
      id="InputPassword3_label"
    >
      Password
    </label>
    <span
      class="display-block line-height-sans-5 measure-5 usa-hint text-base-darkest"
      id="InputPassword3_hint"
    >
      Your password must be at least 12 characters long and include at least 1 number, 1 symbol, and both uppercase and lowercase letters.
    </span>
    <input
      aria-labelledby="InputPassword3_label InputPassword3_hint InputPassword3_error"
      autocomplete="new-password"
      class="usa-input maxw-mobile-lg"
      id="InputPassword3"
      name="password"
      type="password"
      value=""
    />
  </div>
  <div
    class="usa-checkbox measure-5 bg-transparent"
  >
    <input
      aria-controls="InputPassword3"
      class="usa-checkbox__input"
      id="InputChoice5"
      name="InputPassword3-toggle"
      type="checkbox"
      value="password"
    />
    <label
      class="usa-checkbox__label"
      for="InputChoice5"
    >
      Show password
    </label>
  </div>
  <div
    class="usa-form-group"
  >
    <label
      class="usa-label text-bold font-heading-xs measure-5"
      for="InputText6"
      id="InputText6_label"
    >
      Employer ID number (EIN)
    </label>
    <span
      class="display-block line-height-sans-5 measure-5 usa-hint text-base-darkest"
      id="InputText6_hint"
    >
      Your Employer Identification Number is a 
      <a
        href="https://www.mass.gov/info-details/finding-your-employers-federal-employer-identification-number-fein"
        rel="noopener"
        target="_blank"
      >
        9-digit number
      </a>
       assigned by the Internal Revenue Service. It is listed on tax returns and your payroll department should have this information.
    </span>
    <div
      class=""
    >
      <input
        aria-labelledby="InputText6_label InputText6_hint InputText6_error"
        class="usa-input maxw-mobile-lg"
        id="InputText6"
        inputmode="numeric"
        name="user_leave_administrator.employer_fein"
        type="text"
        value=""
      />
    </div>
  </div>
  <p>
    We’ll send you a 6-digit code to verify your email address.
  </p>
  <button
    class="usa-button position-relative"
    type="submit"
  >
    Create account
  </button>
</form>
`;
