// Jest Snapshot v1, https://goo.gl/fbAQLP

exports[`FinishAccountSetup renders the page 1`] = `
<form
  className="usa-form"
  onSubmit={[Function]}
>
  <Title>
    Finish setting up your account
  </Title>
  <Lead>
    Please verify your email address. If an account exists for the email you provide, you’ll receive a 6-digit verification code. After that, you’ll be prompted to create a new password.
  </Lead>
  <InputText
    label="Email address"
    name="username"
    onChange={[Function]}
    smallLabel={true}
    type="email"
    value=""
  />
  <Button
    loading={false}
    type="submit"
  >
    Submit
  </Button>
  <div
    className="margin-top-2 text-bold"
  >
    <Link
      href="/employers/create-account"
    >
      <a>
        Create a new account
      </a>
    </Link>
  </div>
</form>
`;
