// Jest Snapshot v1, https://goo.gl/fbAQLP

exports[`Organizations renders the page 1`] = `
<Fragment>
  <BackButton />
  <Title>
    Your organizations
  </Title>
  <p>
    You'll be able to add more organizations to your account in the near future.
  </p>
  <Table
    className="width-full"
  >
    <thead>
      <tr>
        <th
          scope="col"
        >
          Organization
        </th>
      </tr>
    </thead>
    <tbody>
      <LeaveAdministratorRow
        employer_dba="Book Bindings 'R Us"
        employer_fein="1298391823"
        employer_id="dda903f-f093f-ff900"
        key="dda903f-f093f-ff900"
        verified={false}
      />
      <LeaveAdministratorRow
        employer_dba="Knitting Castle"
        employer_fein="390293443"
        employer_id="dda930f-93jfk-iej08"
        key="dda930f-93jfk-iej08"
        verified={true}
      />
    </tbody>
  </Table>
</Fragment>
`;
