// Jest Snapshot v1, https://goo.gl/fbAQLP

exports[`StateId initially renders the page without an id field 1`] = `
<QuestionPage
  formState={
    User {
      "cognito_user_id": null,
      "date_of_birth": null,
      "first_name": null,
      "has_state_id": null,
      "last_name": null,
      "middle_name": null,
      "ssn_or_itin": null,
      "state_id": null,
      "status": null,
      "user_id": null,
    }
  }
  nextPage="/claims/ssn"
  onSave={[Function]}
  title="Who is taking leave"
>
  <InputChoiceGroup
    choices={
      Array [
        Object {
          "checked": false,
          "label": "Yes",
          "value": "true",
        },
        Object {
          "checked": false,
          "label": "No",
          "value": "false",
        },
      ]
    }
    label="Do you have a Massachusetts driver's license or ID card?"
    name="has_state_id"
    onChange={[Function]}
    type="radio"
  />
  <ConditionalContent
    fieldNamesClearedWhenHidden={
      Array [
        "state_id",
      ]
    }
    removeField={[Function]}
    visible={false}
  >
    <InputText
      label="Enter your license or ID number"
      name="state_id"
      onChange={[Function]}
      value=""
    />
  </ConditionalContent>
</QuestionPage>
`;
