// Jest Snapshot v1, https://goo.gl/fbAQLP

exports[`InputHours renders component 1`] = `
<Fieldset
  className="usa-form-group"
>
  <FormLabel
    component="legend"
  >
    Label
  </FormLabel>
  <InputText
    formGroupClassName="display-inline-block margin-right-3"
    inputClassName=""
    inputMode="numeric"
    label="Hours Label"
    labelClassName="text-normal"
    name="hours"
    onChange={[Function]}
    smallLabel={true}
    value={40}
    valueType="integer"
    width="small"
  />
  <Dropdown
    choices={
      Array [
        Object {
          "label": "0",
          "value": 0,
        },
        Object {
          "label": "15",
          "value": 15,
        },
        Object {
          "label": "30",
          "value": 30,
        },
        Object {
          "label": "45",
          "value": 45,
        },
      ]
    }
    formGroupClassName="display-inline-block"
    label="Minutes Label"
    labelClassName="text-normal"
    name="minutes"
    onChange={[Function]}
    selectClassName="width-15"
    smallLabel={true}
    value={15}
  />
</Fieldset>
`;
