// Jest Snapshot v1, https://goo.gl/fbAQLP

exports[`NewTag renders the component 1`] = `
<strong
  class="usa-tag radius-md margin-left-1"
>
  New
</strong>
`;
