// Jest Snapshot v1, https://goo.gl/fbAQLP

exports[`RepeatableFieldset renders a RepeatableFieldsetCard for each entry 1`] = `
<section
  className="margin-bottom-4"
>
  <RepeatableFieldsetCard
    className="js-repeated-fieldset-card"
    entry={
      Object {
        "first_name": "Anton",
      }
    }
    heading="Person 1"
    index={0}
    key="RepeatableFieldset1"
    onRemoveClick={[MockFunction]}
    removeButtonLabel="Remove"
    showRemoveButton={true}
  >
    <p>
      Anton
       – 
      0
    </p>
  </RepeatableFieldsetCard>
  <RepeatableFieldsetCard
    className="js-repeated-fieldset-card"
    entry={
      Object {
        "first_name": "Bud",
      }
    }
    heading="Person 2"
    index={1}
    key="RepeatableFieldset2"
    onRemoveClick={[MockFunction]}
    removeButtonLabel="Remove"
    showRemoveButton={true}
  >
    <p>
      Bud
       – 
      1
    </p>
  </RepeatableFieldsetCard>
  <RepeatableFieldsetCard
    className="js-repeated-fieldset-card"
    entry={
      Object {
        "first_name": "Cat",
      }
    }
    heading="Person 3"
    index={2}
    key="RepeatableFieldset3"
    onRemoveClick={[MockFunction]}
    removeButtonLabel="Remove"
    showRemoveButton={true}
  >
    <p>
      Cat
       – 
      2
    </p>
  </RepeatableFieldsetCard>
  <Button
    onClick={[MockFunction]}
    variation="outline"
  >
    Remove
  </Button>
</section>
`;
