// Jest Snapshot v1, https://goo.gl/fbAQLP

exports[`Thumbnail when selected file is a PDF renders placeholder thumbnail 1`] = `
<div
  class="c-thumbnail margin-right-2 display-flex c-thumbnail--fallback border-1px border-base-lighter"
>
  <svg
    fill="none"
    height="40"
    viewBox="0 0 30 40"
    width="30"
    xmlns="http://www.w3.org/2000/svg"
  >
    <path
      d="M12 14.61H8M18.5 1.34H4.5C2.567 1.34 1 2.984 1 5.013V34.413C1 36.443 2.567 38.088 4.5 38.088H25.5C27.433 38.088 29 36.443 29 34.413V12.363L18.5 1.34ZM18 1.34V12.568H29L18 1.34ZM22 21.756H8H22ZM22 28.902H8H22Z"
      stroke="black"
      stroke-linecap="round"
      stroke-linejoin="round"
      stroke-width="2"
    />
  </svg>
</div>
`;
